// Jest Snapshot v1, https://goo.gl/fbAQLP

exports[`renders AirDetailed component 1`] = `[Function]`;
