// Jest Snapshot v1, https://goo.gl/fbAQLP

exports[`Nav should render a header with a navigation bar and a banner 1`] = `[Function]`;
