// Jest Snapshot v1, https://goo.gl/fbAQLP

exports[`Weather component render the Weather component 1`] = `[Function]`;
